../Core/Src/main.c:69:5:__io_putchar	24	static
../Core/Src/main.c:80:6:is_button_pressed	8	static
../Core/Src/main.c:96:5:main	24	static
../Core/Src/main.c:163:6:SystemClock_Config	88	static
../Core/Src/main.c:219:13:MX_IWDG_Init	8	static
../Core/Src/main.c:248:13:MX_RTC_Init	8	static
../Core/Src/main.c:283:13:MX_USART3_UART_Init	8	static
../Core/Src/main.c:318:13:MX_GPIO_Init	40	static
../Core/Src/main.c:355:6:MPU_Config	24	static
../Core/Src/main.c:386:6:Error_Handler	4	static,ignoring_inline_asm
